
> veridia-hiring@0.0.0 build
> tsc -b && vite build

src/App.tsx(24,3): error TS6133: 'Trash2' is declared but its value is never read.
src/App.tsx(1000,24): error TS2552: Cannot find name 'User'. Did you mean 'user'?
src/App.tsx(1006,112): error TS2304: Cannot find name 'Phone'.
